Hello from port