PASS:wind-normal-value PASS:wind-normal-before-once PASS:wind-normal-after-once PASS:wind-escape-caught PASS:wind-escape-before-once PASS:wind-escape-after-once PASS:wind-escape-value PASS:wind-order PASS:guard-inside-wind-value PASS:guard-inside-wind-after-once PASS:nested-wind-caught PASS:nested-wind-order
