PASS:operand PASS:operand-both PASS:argument PASS:let-init PASS:let*-init PASS:in-list PASS:if-test PASS:if-branch PASS:cond-body PASS:begin-nonfinal PASS:raise-in-and PASS:raise-in-or PASS:raise-in-let PASS:raise-in-cond PASS:raise-in-case PASS:deep-nontail-raise PASS:guard-in-loop-total PASS:guard-in-loop-count PASS:guard-around-loop PASS:cond-arrow-in-guard-body PASS:cond-arrow-false-in-guard-body PASS:cond-test-only-in-guard-body
